============================================================
  Speech2Vec Backend Verification
============================================================

[TEST 1] Mel Spectrogram Extractor
  FAIL: No module named 'torch'
python : Traceback 
(most recent call 
last):
At line:1 char:21
+ conda activate d2l; 
python -u 
test_verify.py 2>&1 | 
Tee-Object -FileP ...
+                     
~~~~~~~~~~~~~~~~~~~~~~
~~~~~~~
    + CategoryInfo    
          : NotSpeci  
  fied: (Traceback    
 (most recent call    
 last)::String) [    
], RemoteExceptio    n
    + FullyQualifiedE 
   rrorId : NativeCo  
  mmandError
 
  File "C:\Project\Emo
tional-concealment\bac
kend\test_verify.py", 
line 15, in <module>
    from 
mel_spectrogram 
import MelSpectrogramE
xtractor
  File "C:\Project\Emo
tional-concealment\bac
kend\mel_spectrogram.p
y", line 14, in 
<module>
    import torch
ModuleNotFoundError: 
No module named 
'torch'

[TEST 2] ECAPA-TDNN Prosody Encoder (untrained)
  FAIL: No module named 'torch'
Traceback (most 
recent call last):
  File "C:\Project\Emo
tional-concealment\bac
kend\test_verify.py", 
line 45, in <module>
    from 
prosody_encoder 
import 
ProsodyEncoder, 
ECAPA_TDNN
  File "C:\Project\Emo
tional-concealment\bac
kend\prosody_encoder.p
y", line 21, in 
<module>
    import torch
ModuleNotFoundError: 
No module named 
'torch'

[TEST 3] SpeechMapper Semantic Encoder (untrained)
  FAIL: No module named 'torch'
Traceback (most 
recent call last):
  File "C:\Project\Emo
tional-concealment\bac
kend\test_verify.py", 
line 73, in <module>
    from 
semantic_encoder 
import 
SemanticEncoder, 
SpeechMapper
  File "C:\Project\Emo
tional-concealment\bac
kend\semantic_encoder.
py", line 22, in 
<module>
    import torch
ModuleNotFoundError: 
No module named 
'torch'

[TEST 4] Full Pipeline (untrained models)
  FAIL: No module named 'torch'
Traceback (most 
recent call last):
  File "C:\Project\Emo
tional-concealment\bac
kend\test_verify.py", 
line 112, in <module>
    from pipeline 
import 
Speech2VecPipeline
  File "C:\Project\Emo
tional-concealment\bac
kend\pipeline.py", 
line 13, in <module>
    import torch
ModuleNotFoundError: 
No module named 
'torch'

[TEST 5] Training script imports
  FAIL: No module named 'torch'
Traceback (most 
recent call last):
  File "C:\Project\Emo
tional-concealment\bac
kend\test_verify.py", 
line 141, in <module>
    from train import 
MelDecoder, 
AudioDataset, 
Prosody2VecTrainer
  File "C:\Project\Emo
tional-concealment\bac
kend\train.py", line 
37, in <module>
    import torch
ModuleNotFoundError: 
No module named 
'torch'

[TEST 6] Backward Compatibility
  FAIL: No module named 'torch'
Traceback (most 
recent call last):
  File "C:\Project\Emo
tional-concealment\bac
kend\test_verify.py", 
line 161, in <module>
    from pipeline 
import 
Prosody2VecPipeline, 
Speech2VecPipeline
  File "C:\Project\Emo
tional-concealment\bac
kend\pipeline.py", 
line 13, in <module>
    import torch
ModuleNotFoundError: 
No module named 
'torch'

============================================================
  All tests completed!
============================================================
